// Jest Snapshot v1, https://goo.gl/fbAQLP

exports[`Tags renders correctly 1`] = `
<div
  className="tags"
>
  <div
    className="tags__inner"
  >
    <div
      className="tags__title"
    >
      Tags
    </div>
    <ul>
      <li>
        <a
          href="/tag/test-0/"
        >
          test_0
           (
          1
          )
        </a>
      </li>
      <li>
        <a
          href="/tag/test-1/"
        >
          test_1
           (
          2
          )
        </a>
      </li>
    </ul>
  </div>
</div>
`;
